{
  "minecraft:golden_hoe": {
    "remove_attributes": [
      {
        "id": "minecraft:generic.attack_damage"
      }
    ],
    "attributes": [
      {
        "id": "minecraft:generic.attack_damage",
        "name": "Attack damage",
        "value": 2,
        "operation": "addition",
        "slot": "mainhand",
        "uuid": "d4807392-6b16-11ef-bd76-325096b39f47"
      }
    ]
  }
}