{
  "#vminus:golden_armor": {
    "durability": [
      {
        "value": 512
      }
    ]
  }
}